00:00 +0: loading D:/AndroidProject/LatihanFlutter/sadayana_masjid_tv/test/presentation/pages/settings/settings_menu_page_test.dart
00:00 +0: SettingsMenuPage Tests Renders categories correctly
00:00 +1: SettingsMenuPage Tests Ihtiyat section shows 7 DPadSteppers
00:00 +2: SettingsMenuPage Tests Iqomah section shows 5 DPadSteppers
══╡ EXCEPTION CAUGHT BY FLUTTER TEST FRAMEWORK ╞════════════════════════════════════════════════════
The following assertion was thrown running a test:
pumpAndSettle timed out

When the exception was thrown, this was the stack:
#0      WidgetTester.pumpAndSettle.<anonymous closure> (package:flutter_test/src/widget_tester.dart:717:11)
<asynchronous suspension>
#1      TestAsyncUtils.guard.<anonymous closure> (package:flutter_test/src/test_async_utils.dart:130:27)
<asynchronous suspension>
#2      main.<anonymous closure>.<anonymous closure> (file:///D:/AndroidProject/LatihanFlutter/sadayana_masjid_tv/test/presentation/pages/settings/settings_menu_page_test.dart:104:7)
<asynchronous suspension>
#3      testWidgets.<anonymous closure>.<anonymous closure> (package:flutter_test/src/widget_tester.dart:192:15)
<asynchronous suspension>
#4      TestWidgetsFlutterBinding._runTestBody (package:flutter_test/src/binding.dart:1682:5)
<asynchronous suspension>
<asynchronous suspension>
(elided one frame from package:stack_trace)

The test description was:
  Iqomah section shows 5 DPadSteppers
════════════════════════════════════════════════════════════════════════════════════════════════════
00:02 +2 -1: SettingsMenuPage Tests Iqomah section shows 5 DPadSteppers [E]
  Test failed. See exception logs above.
  The test description was: Iqomah section shows 5 DPadSteppers
  
00:02 +2 -1: Some tests failed.
